MAP_CREATED
train1 node1
train1 switch1
train1 node2
train1 node4