MAP_CREATED
train1 stationRed
trainCartRed1 UNLOAD
train1 stationGreen
trainCartGreen1 UNLOAD
MAP_COMPLETED