MAP_CREATED
Train0 | type=node pos=(1.0,0.0)
Train0 | type=station pos=(3.0,0.0) color=red
Train0 | type=station pos=(3.0,0.0) color=red
Train0 | type=node pos=(7.0,0.0)
Train0 | type=node pos=(7.0,0.0)
Train0 | type=node pos=(7.0,0.0)
Train0 | type=node pos=(7.0,0.0)
Color: red UNLOADED
EXPLODE