MAP_CREATED
Train (0) isRunning = false startTime = 0 exploded = false pos = null
	 [0] pos = null next = [null] empty = true

Train (1) isRunning = false startTime = 0 exploded = false pos = null
	 [0] pos = null next = [null] empty = true

Train0 | type=node pos=(1.0,0.0)
Train1 | type=node pos=(0.0,1.0)
Train0 | type=node pos=(1.0,2.0)
Train1 | type=node pos=(2.0,1.0)
Train0 | type=node pos=(1.0,2.0)
Train1 | type=node pos=(2.0,1.0)
EXPLODE