MAP_CREATED
train1 node2
train1 node3
train2 node2
train1 node4
train2 node3