MAP_CREATED
Node (0) type=node pos=(1.0,0.0)
Node (1) type=node pos=(2.0,0.0)
Node (2) type=specialPlace pos=(3.0,0.0) isConstructed=false
Node (3) type=specialPlace pos=(3.0,1.0) isConstructed=false
Node (4) type=specialPlace pos=(4.0,0.0) isConstructed=false
specialPlace1 CONSTRUCTED
specialPlace2 CONSTRUCTED
Node (0) type=node pos=(1.0,0.0)
Node (1) type=node pos=(2.0,0.0)
Node (2) type=specialPlace pos=(3.0,0.0) isConstructed=true
Node (3) type=specialPlace pos=(3.0,1.0) isConstructed=true
Node (4) type=specialPlace pos=(4.0,0.0) isConstructed=false
Train0 | type=node pos=(1.0,0.0)
Train0 | type=node pos=(2.0,0.0)
Train0 | type=specialPlace pos=(3.0,0.0) isConstructed=true
Train0 | type=specialPlace pos=(3.0,1.0) isConstructed=true