MAP_CREATED
Train0 | type=node pos=(0.0,0.0)
activate switch1 activeNode:type=node pos=(2.0,0.0)
Train0 | type=switch pos=(1.0,0.0) active=[type=node pos=(2.0,0.0)]
Train0 | type=node pos=(2.0,0.0)