MAP_CREATED
specialPlace1 CONSTRUCTED
specialPlace2 CONSTRUCTED
MAP_SAVED
MAP_LOADED
Node (0) type=node pos=(1.0,0.0)
Node (1) type=specialPlace pos=(2.0,0.0) isConstructed=true
Node (2) type=specialPlace pos=(3.0,0.0) isConstructed=true
Node (3) type=node pos=(4.0,0.0)
Train (0) isRunning = true startTime = 3 exploded = false pos = (0.0,-1.0)
	 [0] pos = (0.0,-1.0) next = [type=node pos=(1.0,0.0)] empty = true

Train0 | type=node pos=(1.0,0.0)