MAP_CREATED
Train0 | type=node pos=(0.0,0.0)
MAP_SAVED