MAP_CREATED
Node (0) type=node pos=(1.0,0.0)
Node (1) type=node pos=(2.0,0.0)
Node (2) type=switch pos=(3.0,0.0) active=[type=node pos=(2.0,0.0)]
Train (0) isRunning = false startTime = 0 exploded = false pos = null
	 [0] pos = null next = [null] empty = true

Train (1) isRunning = false startTime = 1 exploded = false pos = null
	 [0] pos = null next = [null] empty = true

Train0 | type=node pos=(1.0,0.0)